expansion:<T:Comparable<T>>T[]@java.lang.Arrays
:method:sort()void=sort([Ljava/lang/Object;)[Ljava/lang/Object;
:method:sorted()T[]=!ArraysSorted
expansion:<T>T[]@java.lang.Arrays
:method:sort(function(T,T)int)void=sort([Ljava/lang/Object;Ljava/lang/Comparator;)[Ljava/lang/Object;
:method:sorted(function(T,T)T[]=!ArraysSortedWithComparator
:method:copy()=!ArraysCopy
:method:copy(usize)T[]=copyOf([Ljava/lang/Object;I)[Ljava/lang/Object;
:method:copyTo(T[],usize,usize,usize)void=!ArraysCopyTo
expansion:string@java.lang.String
:method:fromAsciiBytes(byte[])string=!StringFromAciiBytes
:method:fromUTF8Bytes(byte[])string=!StringFromUTF8Bytes
:operator:in(char)=!StringContains
:method:indexOf(char)usize?=indexOf(I)I
:method:indexOf(char,usize)usize?=indexOf(II)I
:method:lastIndexOf(char)usize?=lastIndexOf(I)I
:method:lastIndexOf(char,usize)usize?=lastIndexOf(II)I
:method:trim()=trim()Ljava/lang/String;
:method:startsWith(string)bool=startsWith(Ljava/lang/String;)Z
:method:endsWith(string)bool=endsWith(Ljava/lang/String;)Z
:method:toAsciiBytes()byte[]=!StringToAsciiBytes
:method:toUTF8Bytes()byte[]=!StringToUTF8Bytes
